// Jest Snapshot v1, https://goo.gl/fbAQLP

exports[`code generate happy path 1`] = `" function render(ctx, _cache){return 'hi'}"`;
